// Jest Snapshot v1, https://goo.gl/fbAQLP

exports[`HeaderRight - Render snapshot 1`] = `
<View
  style={
    [
      {
        "alignItems": "center",
        "flexDirection": "row",
        "justifyContent": "flex-end",
        "marginLeft": "auto",
        "maxHeight": 66.5,
        "minHeight": 66.5,
        "minWidth": 187.5,
      },
      {
        "backgroundColor": "#FFAF33",
        "marginRight": -10,
        "width": null,
      },
    ]
  }
  testID="headerRight"
>
  <Text>
    Test Child
  </Text>
</View>
`;
